[
  {
    "name": "Bill Fisher",
    "roles": [
      "Council Member"
    ],
    "divisions": [
      "Ward 4"
    ],
    "image": null,
    "phone_number": null,
    "email": "BFisher@cityofgolden.net",
    "website": "https://www.cityofgolden.gov/government/city_leadership/council_commentaries.php",
    "start_date": null,
    "end_date": null,
    "sources": [
      "https://www.cityofgolden.net",
      "https://www.cityofgolden.gov/government/city_leadership/council_commentaries.php"
    ],
    "updated_at": "2025-06-28T18:44:23Z"
  },
  {
    "name": "Laura Weinberg",
    "roles": [
      "Mayor"
    ],
    "divisions": [],
    "image": null,
    "phone_number": null,
    "email": null,
    "website": "https://www.cityofgolden.gov/government/city_leadership/council_commentaries.php",
    "start_date": null,
    "end_date": null,
    "sources": [
      "https://www.cityofgolden.net"
    ],
    "updated_at": "2025-06-28T18:44:23Z"
  },
  {
    "name": "Lisa Vitry",
    "roles": [
      "Council Member"
    ],
    "divisions": [
      "District 1"
    ],
    "image": null,
    "phone_number": null,
    "email": null,
    "website": "https://www.cityofgolden.gov/government/city_leadership/council_commentaries.php",
    "start_date": null,
    "end_date": null,
    "sources": [
      "https://www.cityofgolden.net"
    ],
    "updated_at": "2025-06-28T18:44:23Z"
  },
  {
    "name": "Patty Evans",
    "roles": [
      "Council Member"
    ],
    "divisions": [
      "District 2"
    ],
    "image": null,
    "phone_number": null,
    "email": null,
    "website": "https://www.cityofgolden.gov/government/city_leadership/council_commentaries.php",
    "start_date": null,
    "end_date": null,
    "sources": [
      "https://www.cityofgolden.net"
    ],
    "updated_at": "2025-06-28T18:44:23Z"
  },
  {
    "name": "Robert Reed",
    "roles": [
      "Council Member",
      "Mayor Pro Tempore"
    ],
    "divisions": [
      "Ward 1"
    ],
    "image": null,
    "phone_number": null,
    "email": null,
    "website": "https://www.cityofgolden.gov/government/city_leadership/council_commentaries.php",
    "start_date": null,
    "end_date": null,
    "sources": [
      "https://www.cityofgolden.net"
    ],
    "updated_at": "2025-06-28T18:44:23Z"
  },
  {
    "name": "Paul Haseman",
    "roles": [
      "Council Member"
    ],
    "divisions": [
      "Ward 2"
    ],
    "image": null,
    "phone_number": null,
    "email": null,
    "website": "https://www.cityofgolden.gov/government/city_leadership/council_commentaries.php",
    "start_date": null,
    "end_date": null,
    "sources": [
      "https://www.cityofgolden.net"
    ],
    "updated_at": "2025-06-28T18:44:23Z"
  },
  {
    "name": "Don Cameron",
    "roles": [
      "Council Member"
    ],
    "divisions": [
      "Ward 3"
    ],
    "image": null,
    "phone_number": null,
    "email": null,
    "website": "https://www.cityofgolden.gov/government/city_leadership/council_commentaries.php",
    "start_date": null,
    "end_date": null,
    "sources": [
      "https://www.cityofgolden.net"
    ],
    "updated_at": "2025-06-28T18:44:23Z"
  }
]