[
  {
    "name": "Bill Fisher",
    "sources": [
      "https://www.cityofgolden.net",
      "https://www.cityofgolden.gov/government/city_leadership/council_commentaries.php"
    ],
    "images": [],
    "roles": [
      {
        "data": "Councilor",
        "llm_confidence": 1.0,
        "llm_confidence_reason": "The role is explicitly stated next to the person's name."
      },
      {
        "data": "Councilor",
        "llm_confidence": 1.0,
        "llm_confidence_reason": "The role 'Councilor' is explicitly stated in the heading for Bill Fisher."
      }
    ],
    "divisions": [
      {
        "data": "Ward Four",
        "llm_confidence": 1.0,
        "llm_confidence_reason": "The division is explicitly stated next to the person's name and role."
      },
      {
        "data": "Ward 4",
        "llm_confidence": 1.0,
        "llm_confidence_reason": "The division 'Ward 4' is explicitly stated in the heading for Bill Fisher."
      }
    ],
    "phone_numbers": [],
    "emails": [
      {
        "data": "BFisher@cityofgolden.net",
        "llm_confidence": 1.0,
        "llm_confidence_reason": "The email address is explicitly provided and linked for Bill Fisher.",
        "source": "https://www.cityofgolden.gov/government/city_leadership/council_commentaries.php"
      }
    ],
    "websites": [
      {
        "data": "https://www.cityofgolden.gov/government/city_leadership/council_commentaries.php",
        "llm_confidence": 0.7,
        "llm_confidence_reason": "A 'Learn More' link is provided directly under the person's name, but it leads to a general council commentary page rather than a specific individual profile.",
        "source": "https://www.cityofgolden.net"
      }
    ],
    "start_dates": [],
    "end_dates": [],
    "updated_at": "2025-06-28T18:44:23Z"
  },
  {
    "name": "Laura Weinberg",
    "sources": [
      "https://www.cityofgolden.net"
    ],
    "images": [],
    "roles": [
      {
        "data": "Mayor",
        "llm_confidence": 1.0,
        "llm_confidence_reason": "The role is explicitly stated next to the person's name."
      }
    ],
    "divisions": [],
    "phone_numbers": [],
    "emails": [],
    "websites": [
      {
        "data": "https://www.cityofgolden.gov/government/city_leadership/council_commentaries.php",
        "llm_confidence": 0.7,
        "llm_confidence_reason": "A 'Learn More' link is provided directly under the person's name, but it leads to a general council commentary page rather than a specific individual profile.",
        "source": "https://www.cityofgolden.net"
      }
    ],
    "start_dates": [],
    "end_dates": [],
    "updated_at": "2025-06-28T18:44:23Z"
  },
  {
    "name": "Lisa Vitry",
    "sources": [
      "https://www.cityofgolden.net"
    ],
    "images": [],
    "roles": [
      {
        "data": "Councilor",
        "llm_confidence": 1.0,
        "llm_confidence_reason": "The role is explicitly stated next to the person's name."
      }
    ],
    "divisions": [
      {
        "data": "District One",
        "llm_confidence": 1.0,
        "llm_confidence_reason": "The division is explicitly stated next to the person's name and role."
      }
    ],
    "phone_numbers": [],
    "emails": [],
    "websites": [
      {
        "data": "https://www.cityofgolden.gov/government/city_leadership/council_commentaries.php",
        "llm_confidence": 0.7,
        "llm_confidence_reason": "A 'Learn More' link is provided directly under the person's name, but it leads to a general council commentary page rather than a specific individual profile.",
        "source": "https://www.cityofgolden.net"
      }
    ],
    "start_dates": [],
    "end_dates": [],
    "updated_at": "2025-06-28T18:44:23Z"
  },
  {
    "name": "Patty Evans",
    "sources": [
      "https://www.cityofgolden.net"
    ],
    "images": [],
    "roles": [
      {
        "data": "Councilor",
        "llm_confidence": 1.0,
        "llm_confidence_reason": "The role is explicitly stated next to the person's name."
      }
    ],
    "divisions": [
      {
        "data": "District Two",
        "llm_confidence": 1.0,
        "llm_confidence_reason": "The division is explicitly stated next to the person's name and role."
      }
    ],
    "phone_numbers": [],
    "emails": [],
    "websites": [
      {
        "data": "https://www.cityofgolden.gov/government/city_leadership/council_commentaries.php",
        "llm_confidence": 0.7,
        "llm_confidence_reason": "A 'Learn More' link is provided directly under the person's name, but it leads to a general council commentary page rather than a specific individual profile.",
        "source": "https://www.cityofgolden.net"
      }
    ],
    "start_dates": [],
    "end_dates": [],
    "updated_at": "2025-06-28T18:44:23Z"
  },
  {
    "name": "Robert Reed",
    "sources": [
      "https://www.cityofgolden.net"
    ],
    "images": [],
    "roles": [
      {
        "data": "Councilor",
        "llm_confidence": 1.0,
        "llm_confidence_reason": "The role is explicitly stated next to the person's name."
      },
      {
        "data": "Mayor Pro-Tem",
        "llm_confidence": 1.0,
        "llm_confidence_reason": "The role is explicitly stated next to the person's name."
      }
    ],
    "divisions": [
      {
        "data": "Ward One",
        "llm_confidence": 1.0,
        "llm_confidence_reason": "The division is explicitly stated next to the person's name and role."
      }
    ],
    "phone_numbers": [],
    "emails": [],
    "websites": [
      {
        "data": "https://www.cityofgolden.gov/government/city_leadership/council_commentaries.php",
        "llm_confidence": 0.7,
        "llm_confidence_reason": "A 'Learn More' link is provided directly under the person's name, but it leads to a general council commentary page rather than a specific individual profile.",
        "source": "https://www.cityofgolden.net"
      }
    ],
    "start_dates": [],
    "end_dates": [],
    "updated_at": "2025-06-28T18:44:23Z"
  },
  {
    "name": "Paul Haseman",
    "sources": [
      "https://www.cityofgolden.net"
    ],
    "images": [],
    "roles": [
      {
        "data": "Councilor",
        "llm_confidence": 1.0,
        "llm_confidence_reason": "The role is explicitly stated next to the person's name."
      }
    ],
    "divisions": [
      {
        "data": "Ward Two",
        "llm_confidence": 1.0,
        "llm_confidence_reason": "The division is explicitly stated next to the person's name and role."
      }
    ],
    "phone_numbers": [],
    "emails": [],
    "websites": [
      {
        "data": "https://www.cityofgolden.gov/government/city_leadership/council_commentaries.php",
        "llm_confidence": 0.7,
        "llm_confidence_reason": "A 'Learn More' link is provided directly under the person's name, but it leads to a general council commentary page rather than a specific individual profile.",
        "source": "https://www.cityofgolden.net"
      }
    ],
    "start_dates": [],
    "end_dates": [],
    "updated_at": "2025-06-28T18:44:23Z"
  },
  {
    "name": "Don Cameron",
    "sources": [
      "https://www.cityofgolden.net"
    ],
    "images": [],
    "roles": [
      {
        "data": "Councilor",
        "llm_confidence": 1.0,
        "llm_confidence_reason": "The role is explicitly stated next to the person's name."
      }
    ],
    "divisions": [
      {
        "data": "Ward Three",
        "llm_confidence": 1.0,
        "llm_confidence_reason": "The division is explicitly stated next to the person's name and role."
      }
    ],
    "phone_numbers": [],
    "emails": [],
    "websites": [
      {
        "data": "https://www.cityofgolden.gov/government/city_leadership/council_commentaries.php",
        "llm_confidence": 0.7,
        "llm_confidence_reason": "A 'Learn More' link is provided directly under the person's name, but it leads to a general council commentary page rather than a specific individual profile.",
        "source": "https://www.cityofgolden.net"
      }
    ],
    "start_dates": [],
    "end_dates": [],
    "updated_at": "2025-06-28T18:44:23Z"
  }
]