[
  {
    "name": "Laura Weinberg",
    "roles": [
      "Mayor"
    ],
    "updated_at": "2025-06-28T18:42:09Z",
    "divisions": []
  },
  {
    "name": "Lisa Vitry",
    "roles": [
      "Council Member"
    ],
    "updated_at": "2025-06-28T18:42:09Z",
    "divisions": []
  },
  {
    "name": "Patty Evans",
    "roles": [
      "Council Member"
    ],
    "updated_at": "2025-06-28T18:42:09Z",
    "divisions": []
  },
  {
    "name": "Robert Reed",
    "roles": [
      "Council Member"
    ],
    "updated_at": "2025-06-28T18:42:09Z",
    "divisions": []
  },
  {
    "name": "Paul Haseman",
    "roles": [
      "Council Member"
    ],
    "updated_at": "2025-06-28T18:42:09Z",
    "divisions": []
  },
  {
    "name": "Don Cameron",
    "roles": [
      "Council Member"
    ],
    "updated_at": "2025-06-28T18:42:09Z",
    "divisions": []
  },
  {
    "name": "Bill Fisher",
    "roles": [
      "Council Member"
    ],
    "updated_at": "2025-06-28T18:42:09Z",
    "divisions": []
  }
]