[
  {
    "name": "Laura Weinberg",
    "roles": [
      "Mayor"
    ],
    "divisions": [],
    "image": "https://www.cityofgolden.gov/set_site_up/government/2024_COG_LauraWeinberg_jmp_001_sm%20-%20Copy.jpg",
    "phone_number": "(303) 384-8000",
    "email": null,
    "website": "https://www.cityofgolden.gov/government/city_leadership/city_council.php",
    "start_date": null,
    "end_date": null,
    "sources": [
      "https://www.cityofgolden.net"
    ],
    "updated_at": "2025-06-28T18:43:47Z"
  },
  {
    "name": "Lisa Vitry",
    "roles": [
      "Council Member"
    ],
    "divisions": [
      "District One"
    ],
    "image": "https://www.cityofgolden.gov/Images/Government/Document%20Center/2024_COG_LisaVitry_jmp_002_sm%20-%20web%20-%20Copy.jpg",
    "phone_number": "(303) 384-8000",
    "email": null,
    "website": "https://www.cityofgolden.gov/government/city_leadership/city_council.php",
    "start_date": null,
    "end_date": null,
    "sources": [
      "https://www.cityofgolden.net"
    ],
    "updated_at": "2025-06-28T18:43:47Z"
  },
  {
    "name": "Patty Evans",
    "roles": [
      "Council Member"
    ],
    "divisions": [
      "District Two"
    ],
    "image": "https://www.cityofgolden.gov/Images/Government/Document%20Center/2024_COG_PattyEvans_jmp_002_sm_websquare.jpg",
    "phone_number": "(303) 384-8000",
    "email": null,
    "website": "https://www.cityofgolden.gov/government/city_leadership/city_council.php",
    "start_date": null,
    "end_date": null,
    "sources": [
      "https://www.cityofgolden.net"
    ],
    "updated_at": "2025-06-28T18:43:47Z"
  },
  {
    "name": "Robert Reed",
    "roles": [
      "Council Member",
      "Mayor Pro Tempore"
    ],
    "divisions": [
      "Ward One"
    ],
    "image": "https://www.cityofgolden.gov/Images/Government/City%20leadership/Reed-2022-400x533%20-%20Copy.jpg",
    "phone_number": "(303) 384-8000",
    "email": null,
    "website": "https://www.cityofgolden.gov/government/city_leadership/city_council.php",
    "start_date": null,
    "end_date": null,
    "sources": [
      "https://www.cityofgolden.net"
    ],
    "updated_at": "2025-06-28T18:43:47Z"
  },
  {
    "name": "Paul Haseman",
    "roles": [
      "Council Member"
    ],
    "divisions": [
      "Ward Two"
    ],
    "image": "https://www.cityofgolden.gov/Images/Government/City%20leadership/Haseman-2022-400x533%20-%20Copy.jpg",
    "phone_number": "(303) 384-8000",
    "email": null,
    "website": "https://www.cityofgolden.gov/government/city_leadership/city_council.php",
    "start_date": null,
    "end_date": null,
    "sources": [
      "https://www.cityofgolden.net"
    ],
    "updated_at": "2025-06-28T18:43:47Z"
  },
  {
    "name": "Don Cameron",
    "roles": [
      "Council Member"
    ],
    "divisions": [
      "Ward Three"
    ],
    "image": "https://www.cityofgolden.gov/Images/Government/City%20leadership/2024_COG_DonCameron_jmp_002_sm-websquare.jpg",
    "phone_number": "(303) 384-8000",
    "email": null,
    "website": "https://www.cityofgolden.gov/government/city_leadership/city_council.php",
    "start_date": null,
    "end_date": null,
    "sources": [
      "https://www.cityofgolden.net"
    ],
    "updated_at": "2025-06-28T18:43:47Z"
  },
  {
    "name": "Bill Fisher",
    "roles": [
      "Council Member"
    ],
    "divisions": [
      "Ward Four"
    ],
    "image": "https://www.cityofgolden.gov/Images/Government/City%20leadership/2024_COG_BillFisher_jmp_002_sm.jpg",
    "phone_number": "(303) 384-8000",
    "email": null,
    "website": "https://www.cityofgolden.gov/government/city_leadership/city_council.php",
    "start_date": null,
    "end_date": null,
    "sources": [
      "https://www.cityofgolden.net"
    ],
    "updated_at": "2025-06-28T18:43:47Z"
  }
]