[
  {
    "name": "Laura Weinberg",
    "sources": [
      "https://www.cityofgolden.net"
    ],
    "images": [
      {
        "data": "https://www.cityofgolden.gov/set_site_up/government/2024_COG_LauraWeinberg_jmp_001_sm%20-%20Copy.jpg",
        "llm_confidence": 1.0,
        "llm_confidence_reason": "Image URL is a headshot near the name Laura Weinberg.",
        "source": "https://www.cityofgolden.net"
      }
    ],
    "roles": [
      {
        "data": "Mayor",
        "llm_confidence": 1.0,
        "llm_confidence_reason": "Explicitly stated as Mayor in the content."
      }
    ],
    "divisions": [],
    "phone_numbers": [
      {
        "data": "(303) 384-8000",
        "llm_confidence": 0.8,
        "llm_confidence_reason": "General city contact phone number provided; no direct personal phone found.",
        "source": "https://www.cityofgolden.net"
      }
    ],
    "emails": [],
    "websites": [
      {
        "data": "https://www.cityofgolden.gov/government/city_leadership/city_council.php",
        "llm_confidence": 0.7,
        "llm_confidence_reason": "General City Council page linked; no personal website found.",
        "source": "https://www.cityofgolden.net"
      }
    ],
    "start_dates": [],
    "end_dates": [],
    "updated_at": "2025-06-28T18:43:47Z"
  },
  {
    "name": "Lisa Vitry",
    "sources": [
      "https://www.cityofgolden.net"
    ],
    "images": [
      {
        "data": "https://www.cityofgolden.gov/Images/Government/Document%20Center/2024_COG_LisaVitry_jmp_002_sm%20-%20web%20-%20Copy.jpg",
        "llm_confidence": 1.0,
        "llm_confidence_reason": "Image URL is a headshot near the name Lisa Vitry.",
        "source": "https://www.cityofgolden.net"
      }
    ],
    "roles": [
      {
        "data": "Council Member",
        "llm_confidence": 0.9,
        "llm_confidence_reason": "Listed as District One Councilor, which is a council member role."
      }
    ],
    "divisions": [
      {
        "data": "District One",
        "llm_confidence": 1.0,
        "llm_confidence_reason": "Explicitly stated as District One Councilor."
      }
    ],
    "phone_numbers": [
      {
        "data": "(303) 384-8000",
        "llm_confidence": 0.8,
        "llm_confidence_reason": "General city contact phone number provided; no direct personal phone found.",
        "source": "https://www.cityofgolden.net"
      }
    ],
    "emails": [],
    "websites": [
      {
        "data": "https://www.cityofgolden.gov/government/city_leadership/city_council.php",
        "llm_confidence": 0.7,
        "llm_confidence_reason": "General City Council page linked; no personal website found.",
        "source": "https://www.cityofgolden.net"
      }
    ],
    "start_dates": [],
    "end_dates": [],
    "updated_at": "2025-06-28T18:43:47Z"
  },
  {
    "name": "Patty Evans",
    "sources": [
      "https://www.cityofgolden.net"
    ],
    "images": [
      {
        "data": "https://www.cityofgolden.gov/Images/Government/Document%20Center/2024_COG_PattyEvans_jmp_002_sm_websquare.jpg",
        "llm_confidence": 1.0,
        "llm_confidence_reason": "Image URL is a headshot near the name Patty Evans.",
        "source": "https://www.cityofgolden.net"
      }
    ],
    "roles": [
      {
        "data": "Council Member",
        "llm_confidence": 0.9,
        "llm_confidence_reason": "Listed as District Two Councilor, which is a council member role."
      }
    ],
    "divisions": [
      {
        "data": "District Two",
        "llm_confidence": 1.0,
        "llm_confidence_reason": "Explicitly stated as District Two Councilor."
      }
    ],
    "phone_numbers": [
      {
        "data": "(303) 384-8000",
        "llm_confidence": 0.8,
        "llm_confidence_reason": "General city contact phone number provided; no direct personal phone found.",
        "source": "https://www.cityofgolden.net"
      }
    ],
    "emails": [],
    "websites": [
      {
        "data": "https://www.cityofgolden.gov/government/city_leadership/city_council.php",
        "llm_confidence": 0.7,
        "llm_confidence_reason": "General City Council page linked; no personal website found.",
        "source": "https://www.cityofgolden.net"
      }
    ],
    "start_dates": [],
    "end_dates": [],
    "updated_at": "2025-06-28T18:43:47Z"
  },
  {
    "name": "Robert Reed",
    "sources": [
      "https://www.cityofgolden.net"
    ],
    "images": [
      {
        "data": "https://www.cityofgolden.gov/Images/Government/City%20leadership/Reed-2022-400x533%20-%20Copy.jpg",
        "llm_confidence": 1.0,
        "llm_confidence_reason": "Image URL is a headshot near the name Robert Reed.",
        "source": "https://www.cityofgolden.net"
      }
    ],
    "roles": [
      {
        "data": "Council Member",
        "llm_confidence": 0.95,
        "llm_confidence_reason": "Listed as Ward One Councilor and Mayor Pro-Tem, both primary governing roles."
      },
      {
        "data": "Mayor Pro Tempore",
        "llm_confidence": 0.95,
        "llm_confidence_reason": "Explicitly stated as Mayor Pro-Tem."
      }
    ],
    "divisions": [
      {
        "data": "Ward One",
        "llm_confidence": 1.0,
        "llm_confidence_reason": "Explicitly stated as Ward One Councilor."
      }
    ],
    "phone_numbers": [
      {
        "data": "(303) 384-8000",
        "llm_confidence": 0.8,
        "llm_confidence_reason": "General city contact phone number provided; no direct personal phone found.",
        "source": "https://www.cityofgolden.net"
      }
    ],
    "emails": [],
    "websites": [
      {
        "data": "https://www.cityofgolden.gov/government/city_leadership/city_council.php",
        "llm_confidence": 0.7,
        "llm_confidence_reason": "General City Council page linked; no personal website found.",
        "source": "https://www.cityofgolden.net"
      }
    ],
    "start_dates": [],
    "end_dates": [],
    "updated_at": "2025-06-28T18:43:47Z"
  },
  {
    "name": "Paul Haseman",
    "sources": [
      "https://www.cityofgolden.net"
    ],
    "images": [
      {
        "data": "https://www.cityofgolden.gov/Images/Government/City%20leadership/Haseman-2022-400x533%20-%20Copy.jpg",
        "llm_confidence": 1.0,
        "llm_confidence_reason": "Image URL is a headshot near the name Paul Haseman.",
        "source": "https://www.cityofgolden.net"
      }
    ],
    "roles": [
      {
        "data": "Council Member",
        "llm_confidence": 0.9,
        "llm_confidence_reason": "Listed as Ward Two Councilor, a primary governing role."
      }
    ],
    "divisions": [
      {
        "data": "Ward Two",
        "llm_confidence": 1.0,
        "llm_confidence_reason": "Explicitly stated as Ward Two Councilor."
      }
    ],
    "phone_numbers": [
      {
        "data": "(303) 384-8000",
        "llm_confidence": 0.8,
        "llm_confidence_reason": "General city contact phone number provided; no direct personal phone found.",
        "source": "https://www.cityofgolden.net"
      }
    ],
    "emails": [],
    "websites": [
      {
        "data": "https://www.cityofgolden.gov/government/city_leadership/city_council.php",
        "llm_confidence": 0.7,
        "llm_confidence_reason": "General City Council page linked; no personal website found.",
        "source": "https://www.cityofgolden.net"
      }
    ],
    "start_dates": [],
    "end_dates": [],
    "updated_at": "2025-06-28T18:43:47Z"
  },
  {
    "name": "Don Cameron",
    "sources": [
      "https://www.cityofgolden.net"
    ],
    "images": [
      {
        "data": "https://www.cityofgolden.gov/Images/Government/City%20leadership/2024_COG_DonCameron_jmp_002_sm-websquare.jpg",
        "llm_confidence": 1.0,
        "llm_confidence_reason": "Image URL is a headshot near the name Don Cameron.",
        "source": "https://www.cityofgolden.net"
      }
    ],
    "roles": [
      {
        "data": "Council Member",
        "llm_confidence": 0.9,
        "llm_confidence_reason": "Listed as Ward Three Councilor, a primary governing role."
      }
    ],
    "divisions": [
      {
        "data": "Ward Three",
        "llm_confidence": 1.0,
        "llm_confidence_reason": "Explicitly stated as Ward Three Councilor."
      }
    ],
    "phone_numbers": [
      {
        "data": "(303) 384-8000",
        "llm_confidence": 0.8,
        "llm_confidence_reason": "General city contact phone number provided; no direct personal phone found.",
        "source": "https://www.cityofgolden.net"
      }
    ],
    "emails": [],
    "websites": [
      {
        "data": "https://www.cityofgolden.gov/government/city_leadership/city_council.php",
        "llm_confidence": 0.7,
        "llm_confidence_reason": "General City Council page linked; no personal website found.",
        "source": "https://www.cityofgolden.net"
      }
    ],
    "start_dates": [],
    "end_dates": [],
    "updated_at": "2025-06-28T18:43:47Z"
  },
  {
    "name": "Bill Fisher",
    "sources": [
      "https://www.cityofgolden.net"
    ],
    "images": [
      {
        "data": "https://www.cityofgolden.gov/Images/Government/City%20leadership/2024_COG_BillFisher_jmp_002_sm.jpg",
        "llm_confidence": 1.0,
        "llm_confidence_reason": "Image URL is a headshot near the name Bill Fisher.",
        "source": "https://www.cityofgolden.net"
      }
    ],
    "roles": [
      {
        "data": "Council Member",
        "llm_confidence": 0.9,
        "llm_confidence_reason": "Listed as Ward Four Councilor, a primary governing role."
      }
    ],
    "divisions": [
      {
        "data": "Ward Four",
        "llm_confidence": 1.0,
        "llm_confidence_reason": "Explicitly stated as Ward Four Councilor."
      }
    ],
    "phone_numbers": [
      {
        "data": "(303) 384-8000",
        "llm_confidence": 0.8,
        "llm_confidence_reason": "General city contact phone number provided; no direct personal phone found.",
        "source": "https://www.cityofgolden.net"
      }
    ],
    "emails": [],
    "websites": [
      {
        "data": "https://www.cityofgolden.gov/government/city_leadership/city_council.php",
        "llm_confidence": 0.7,
        "llm_confidence_reason": "General City Council page linked; no personal website found.",
        "source": "https://www.cityofgolden.net"
      }
    ],
    "start_dates": [],
    "end_dates": [],
    "updated_at": "2025-06-28T18:43:47Z"
  }
]