---
- name: Laura Weinberg
  roles:
  - Mayor
  divisions:
  image: https://www.cityofgolden.gov/set_site_up/government/2024_COG_LauraWeinberg_jmp_001_sm%20-%20Copy.jpg
  cdn_image: https://cdn.civicpatch.org/open-data/co/golden/images/524b726d1ba24fa2c58b46e36e87cb10a5df0c639b0ff8ce98e8745800122faf.jpg
  email:
  phone_number: "(303) 384-8000"
  website: https://www.cityofgolden.gov/government/city_leadership/council_commentaries.php
  start_date:
  end_date:
  sources:
  - https://www.cityofgolden.net
  updated_at: '2025-06-28T18:44:24Z'
- name: Robert Reed
  roles:
  - Mayor Pro Tempore
  - Council Member
  divisions:
  - Ward 1
  image: https://www.cityofgolden.gov/Images/Government/City%20leadership/Reed-2022-400x533%20-%20Copy.jpg
  cdn_image: https://cdn.civicpatch.org/open-data/co/golden/images/71c41aaa1c7ea2ecd4e0ba357863db894798b759c404ed2b33ab52f1f93bd61e.jpg
  email:
  phone_number: "(303) 384-8000"
  website: https://www.cityofgolden.gov/government/city_leadership/council_commentaries.php
  start_date:
  end_date:
  sources:
  - https://www.cityofgolden.net
  updated_at: '2025-06-28T18:44:24Z'
- name: Lisa Vitry
  roles:
  - Council Member
  divisions:
  - District 1
  image: https://www.cityofgolden.gov/Images/Government/Document%20Center/2024_COG_LisaVitry_jmp_002_sm%20-%20web%20-%20Copy.jpg
  cdn_image: https://cdn.civicpatch.org/open-data/co/golden/images/246fa822570e854a919434bd63563ab1f7241869ca584237b38b3ff12ddb5db0.jpg
  email:
  phone_number: "(303) 384-8000"
  website: https://www.cityofgolden.gov/government/city_leadership/council_commentaries.php
  start_date:
  end_date:
  sources:
  - https://www.cityofgolden.net
  updated_at: '2025-06-28T18:44:24Z'
- name: Patty Evans
  roles:
  - Council Member
  divisions:
  - District 2
  image: https://www.cityofgolden.gov/Images/Government/Document%20Center/2024_COG_PattyEvans_jmp_002_sm_websquare.jpg
  cdn_image: https://cdn.civicpatch.org/open-data/co/golden/images/b4747e833ea51de530c1a40778035e39a68e4bf70712108d9392acfa36fb9fef.jpg
  email:
  phone_number: "(303) 384-8000"
  website: https://www.cityofgolden.gov/government/city_leadership/council_commentaries.php
  start_date:
  end_date:
  sources:
  - https://www.cityofgolden.net
  updated_at: '2025-06-28T18:44:24Z'
- name: Paul Haseman
  roles:
  - Council Member
  divisions:
  - Ward 2
  image: https://www.cityofgolden.gov/Images/Government/City%20leadership/Haseman-2022-400x533%20-%20Copy.jpg
  cdn_image: https://cdn.civicpatch.org/open-data/co/golden/images/e48564435523ae664bfbd32aedae3a4e5dfb650f7ef9376df45c251211d77808.jpg
  email:
  phone_number: "(303) 384-8000"
  website: https://www.cityofgolden.gov/government/city_leadership/council_commentaries.php
  start_date:
  end_date:
  sources:
  - https://www.cityofgolden.net
  updated_at: '2025-06-28T18:44:24Z'
- name: Don Cameron
  roles:
  - Council Member
  divisions:
  - Ward 3
  image: https://www.cityofgolden.gov/Images/Government/City%20leadership/2024_COG_DonCameron_jmp_002_sm-websquare.jpg
  cdn_image: https://cdn.civicpatch.org/open-data/co/golden/images/a5af0fe789c9a22abf2b3ee4b94217433cf8744feace546e0ce4561c860400ae.jpg
  email:
  phone_number: "(303) 384-8000"
  website: https://www.cityofgolden.gov/government/city_leadership/council_commentaries.php
  start_date:
  end_date:
  sources:
  - https://www.cityofgolden.net
  updated_at: '2025-06-28T18:44:24Z'
- name: Bill Fisher
  roles:
  - Council Member
  divisions:
  - Ward 4
  image: https://www.cityofgolden.gov/Images/Government/City%20leadership/2024_COG_BillFisher_jmp_002_sm.jpg
  cdn_image: https://cdn.civicpatch.org/open-data/co/golden/images/49c23fb655ceaa34bef5b041c5acc1349c9983dfca35aff12f8dfbaf157a8d4d.jpg
  email: BFisher@cityofgolden.net
  phone_number: "(303) 384-8000"
  website: https://www.cityofgolden.gov/government/city_leadership/council_commentaries.php
  start_date:
  end_date:
  sources:
  - https://www.cityofgolden.net
  - https://www.cityofgolden.gov/government/city_leadership/council_commentaries.php
  updated_at: '2025-06-28T18:44:24Z'
